../Core/Src/main.c:151:6:setPowerLow	1
../Core/Src/main.c:163:6:setPowerHigh	1
../Core/Src/main.c:173:6:setRadio	1
../Core/Src/main.c:179:6:gps_to_aprs_position	5
../Core/Src/main.c:229:6:collectBit	2
../Core/Src/main.c:250:13:afsk_init	1
../Core/Src/main.c:258:17:afsk_next_sample	4
../Core/Src/main.c:288:13:fill_buffer	4
../Core/Src/main.c:304:6:HAL_DAC_ConvHalfCpltCallbackCh1	1
../Core/Src/main.c:312:6:HAL_DAC_ConvCpltCallbackCh1	4
../Core/Src/main.c:331:6:transmit_packet	2
../Core/Src/main.c:364:5:main	11
../Core/Src/main.c:533:6:SystemClock_Config	4
../Core/Src/main.c:578:13:MX_ADC_Init	3
../Core/Src/main.c:632:13:MX_DAC_Init	3
../Core/Src/main.c:672:13:MX_TIM6_Init	3
../Core/Src/main.c:710:13:MX_USART1_UART_Init	2
../Core/Src/main.c:745:13:MX_USART2_UART_Init	2
../Core/Src/main.c:780:13:MX_USART3_UART_Init	2
../Core/Src/main.c:813:13:MX_DMA_Init	1
../Core/Src/main.c:831:13:MX_GPIO_Init	1
../Core/Src/main.c:875:6:Error_Handler	1
