../Core/Src/main.c:151:6:setPowerLow	1
../Core/Src/main.c:163:6:setPowerHigh	1
../Core/Src/main.c:173:6:setRadio	1
../Core/Src/main.c:179:6:gps_to_aprs_position	5
../Core/Src/main.c:212:6:collectBit	2
../Core/Src/main.c:233:13:afsk_init	1
../Core/Src/main.c:241:17:afsk_next_sample	4
../Core/Src/main.c:271:13:fill_buffer	4
../Core/Src/main.c:287:6:HAL_DAC_ConvHalfCpltCallbackCh1	1
../Core/Src/main.c:295:6:HAL_DAC_ConvCpltCallbackCh1	4
../Core/Src/main.c:314:6:transmit_packet	2
../Core/Src/main.c:347:5:main	11
../Core/Src/main.c:516:6:SystemClock_Config	4
../Core/Src/main.c:561:13:MX_ADC_Init	3
../Core/Src/main.c:615:13:MX_DAC_Init	3
../Core/Src/main.c:655:13:MX_TIM6_Init	3
../Core/Src/main.c:693:13:MX_USART1_UART_Init	2
../Core/Src/main.c:728:13:MX_USART2_UART_Init	2
../Core/Src/main.c:763:13:MX_USART3_UART_Init	2
../Core/Src/main.c:796:13:MX_DMA_Init	1
../Core/Src/main.c:814:13:MX_GPIO_Init	1
../Core/Src/main.c:858:6:Error_Handler	1
