../Core/Src/main.c:151:6:setPowerLow	32	static
../Core/Src/main.c:163:6:setPowerHigh	32	static
../Core/Src/main.c:173:6:setRadio	16	static
../Core/Src/main.c:179:6:gps_to_aprs_position	104	static
../Core/Src/main.c:212:6:collectBit	16	static
../Core/Src/main.c:233:13:afsk_init	16	static
../Core/Src/main.c:241:17:afsk_next_sample	24	static
../Core/Src/main.c:271:13:fill_buffer	32	static
../Core/Src/main.c:287:6:HAL_DAC_ConvHalfCpltCallbackCh1	16	static
../Core/Src/main.c:295:6:HAL_DAC_ConvCpltCallbackCh1	16	static
../Core/Src/main.c:314:6:transmit_packet	16	static
../Core/Src/main.c:347:5:main	104	static
../Core/Src/main.c:491:6:SystemClock_Config	112	static
../Core/Src/main.c:536:13:MX_ADC_Init	24	static
../Core/Src/main.c:590:13:MX_DAC_Init	16	static
../Core/Src/main.c:630:13:MX_TIM6_Init	16	static
../Core/Src/main.c:668:13:MX_USART1_UART_Init	8	static
../Core/Src/main.c:703:13:MX_USART2_UART_Init	8	static
../Core/Src/main.c:738:13:MX_USART3_UART_Init	8	static
../Core/Src/main.c:771:13:MX_DMA_Init	16	static
../Core/Src/main.c:789:13:MX_GPIO_Init	48	static
../Core/Src/main.c:833:6:Error_Handler	8	static,ignoring_inline_asm
