../Core/Src/main.c:143:6:collectBit	16	static
../Core/Src/main.c:164:13:afsk_init	16	static
../Core/Src/main.c:172:17:afsk_next_sample	24	static
../Core/Src/main.c:202:13:fill_buffer	32	static
../Core/Src/main.c:218:6:HAL_DAC_ConvHalfCpltCallbackCh1	16	static
../Core/Src/main.c:226:6:HAL_DAC_ConvCpltCallbackCh1	16	static
../Core/Src/main.c:250:5:main	24	static
../Core/Src/main.c:336:6:SystemClock_Config	112	static
../Core/Src/main.c:364:13:MX_ADC_Init	24	static
../Core/Src/main.c:393:13:MX_DAC_Init	16	static
../Core/Src/main.c:409:13:MX_TIM6_Init	16	static
../Core/Src/main.c:428:13:MX_USART1_UART_Init	8	static
../Core/Src/main.c:446:13:MX_USB_PCD_Init	8	static
../Core/Src/main.c:461:13:MX_DMA_Init	16	static
../Core/Src/main.c:473:13:MX_GPIO_Init	48	static
../Core/Src/main.c:492:6:Error_Handler	8	static,ignoring_inline_asm
